../source/webconfig.c:85:12:CGI_HandleGet	80	static
../source/webconfig.c:134:12:CGI_HandlePost	512	static
../source/webconfig.c:261:12:CGI_HandleReset	104	static
../source/webconfig.c:305:12:CGI_HandleStatus	360	static
../source/webconfig.c:353:13:LinkStatusChangeCallback	16	static
../source/webconfig.c:372:13:main_task	192	static
../source/webconfig.c:476:17:SetBoardToAP	32	static
../source/webconfig.c:504:17:CleanUpAP	8	static
../source/webconfig.c:521:17:SetBoardToClient	32	static
../source/webconfig.c:599:17:CleanUpClient	8	static
../source/webconfig.c:623:5:main	16	static
